{
  "version": "1.5.50",
  "plugins_used": [
    {
      "name": "ArtifactoryDetector"
    },
    {
      "name": "AWSKeyDetector"
    },
    {
      "name": "AzureStorageKeyDetector"
    },
    {
      "name": "Base64HighEntropyString",
      "limit": 4.5
    },
    {
      "name": "BasicAuthDetector"
    },
    {
      "name": "CloudantDetector"
    },
    {
      "name": "DiscordBotTokenDetector"
    },
    {
      "name": "GitHubTokenDetector"
    },
    {
      "name": "GitLabTokenDetector"
    },
    {
      "name": "HexHighEntropyString",
      "limit": 3.0
    },
    {
      "name": "IbmCloudIamDetector"
    },
    {
      "name": "IbmCosHmacDetector"
    },
    {
      "name": "IPPublicDetector"
    },
    {
      "name": "JwtTokenDetector"
    },
    {
      "name": "KeywordDetector",
      "keyword_exclude": ""
    },
    {
      "name": "MailchimpDetector"
    },
    {
      "name": "NpmDetector"
    },
    {
      "name": "OpenAIDetector"
    },
    {
      "name": "PrivateKeyDetector"
    },
    {
      "name": "PypiTokenDetector"
    },
    {
      "name": "SendGridDetector"
    },
    {
      "name": "SlackDetector"
    },
    {
      "name": "SoftlayerDetector"
    },
    {
      "name": "SquareOAuthDetector"
    },
    {
      "name": "StripeDetector"
    },
    {
      "name": "TelegramBotTokenDetector"
    },
    {
      "name": "TwilioKeyDetector"
    }
  ],
  "filters_used": [
    {
      "path": "detect_secrets.filters.allowlist.is_line_allowlisted"
    },
    {
      "path": "detect_secrets.filters.common.is_baseline_file",
      "filename": ".secrets.baseline"
    },
    {
      "path": "detect_secrets.filters.common.is_ignored_due_to_verification_policies",
      "min_level": 2
    },
    {
      "path": "detect_secrets.filters.heuristic.is_indirect_reference"
    },
    {
      "path": "detect_secrets.filters.heuristic.is_likely_id_string"
    },
    {
      "path": "detect_secrets.filters.heuristic.is_lock_file"
    },
    {
      "path": "detect_secrets.filters.heuristic.is_not_alphanumeric_string"
    },
    {
      "path": "detect_secrets.filters.heuristic.is_potential_uuid"
    },
    {
      "path": "detect_secrets.filters.heuristic.is_prefixed_with_dollar_sign"
    },
    {
      "path": "detect_secrets.filters.heuristic.is_sequential_string"
    },
    {
      "path": "detect_secrets.filters.heuristic.is_swagger_file"
    },
    {
      "path": "detect_secrets.filters.heuristic.is_templated_secret"
    },
    {
      "path": "detect_secrets.filters.regex.should_exclude_file",
      "pattern": [
        "(^|[\\\\/])(\\.git|\\.venv|node_modules|cdk\\.out|evidence|dist|build|__pycache__)[\\\\/]|\\.(sig|png|jpg|gz|zip|whl)$|sbom.*\\.json$"
      ]
    }
  ],
  "results": {
    "DEPLOYMENT-GUIDE.md": [
      {
        "type": "Secret Keyword",
        "filename": "DEPLOYMENT-GUIDE.md",
        "hashed_secret": "b40f85dcc743fd999debd8563f2154a8f51df1b7",
        "is_verified": false,
        "line_number": 113,
        "is_added": false,
        "is_removed": false
      }
    ],
    "agents\\housing-assistance\\manifest.yaml": [
      {
        "type": "Secret Keyword",
        "filename": "agents\\housing-assistance\\manifest.yaml",
        "hashed_secret": "b0ae1ab1ad32e2f6baf2cd4a148a5634f87b3153",
        "is_verified": false,
        "line_number": 22,
        "is_added": false,
        "is_removed": false
      },
      {
        "type": "Secret Keyword",
        "filename": "agents\\housing-assistance\\manifest.yaml",
        "hashed_secret": "10cfc7b40050cc1777831c27bc1b33c972d93469",
        "is_verified": false,
        "line_number": 24,
        "is_added": false,
        "is_removed": false
      },
      {
        "type": "Secret Keyword",
        "filename": "agents\\housing-assistance\\manifest.yaml",
        "hashed_secret": "d13d5d31df9f7a4d795aa9fd322838cc23a9c621",
        "is_verified": false,
        "line_number": 26,
        "is_added": false,
        "is_removed": false
      }
    ],
    "lib\\connector\\deploy_connector.sh": [
      {
        "type": "Secret Keyword",
        "filename": "lib\\connector\\deploy_connector.sh",
        "hashed_secret": "28f98301205830aab01f2890607a790604f82803",
        "is_verified": false,
        "line_number": 24,
        "is_added": false,
        "is_removed": false
      }
    ],
    "lib\\connector\\sor_api.py": [
      {
        "type": "Secret Keyword",
        "filename": "lib\\connector\\sor_api.py",
        "hashed_secret": "1c2d805e5570867f137dd1d0cb58a7fb48263630",
        "is_verified": false,
        "line_number": 198,
        "is_added": false,
        "is_removed": false
      }
    ],
    "lib\\controls\\provenance.py": [
      {
        "type": "Secret Keyword",
        "filename": "lib\\controls\\provenance.py",
        "hashed_secret": "6deda9ff40e1b3a66cf61dd9ebac9c962b074487",
        "is_verified": false,
        "line_number": 29,
        "is_added": false,
        "is_removed": false
      },
      {
        "type": "Secret Keyword",
        "filename": "lib\\controls\\provenance.py",
        "hashed_secret": "0428839403be6b954c09dcfe425e81a0379f11cd",
        "is_verified": false,
        "line_number": 30,
        "is_added": false,
        "is_removed": false
      }
    ],
    "lib\\engine\\deploy.sh": [
      {
        "type": "Secret Keyword",
        "filename": "lib\\engine\\deploy.sh",
        "hashed_secret": "6eef6648406c333a4035cd5e60d0bf2ecf2606d7",
        "is_verified": false,
        "line_number": 195,
        "is_added": false,
        "is_removed": false
      }
    ],
    "lib\\runtime\\Dockerfile": [
      {
        "type": "Hex High Entropy String",
        "filename": "lib\\runtime\\Dockerfile",
        "hashed_secret": "656beccd3c5a5681ef5b4c15801539d405494f84",
        "is_verified": false,
        "line_number": 3,
        "is_added": false,
        "is_removed": false
      }
    ],
    "requirements-core.txt": [
      {
        "type": "Hex High Entropy String",
        "filename": "requirements-core.txt",
        "hashed_secret": "574f3fdcdd46c9397911aa53e966a3363062c3ad",
        "is_verified": false,
        "line_number": 23,
        "is_added": false,
        "is_removed": false
      }
    ],
    "scripts\\validate_deployment.py": [
      {
        "type": "Secret Keyword",
        "filename": "scripts\\validate_deployment.py",
        "hashed_secret": "b40f85dcc743fd999debd8563f2154a8f51df1b7",
        "is_verified": false,
        "line_number": 46,
        "is_added": false,
        "is_removed": false
      }
    ],
    "tests\\test_cdk_stacks.py": [
      {
        "type": "Secret Keyword",
        "filename": "tests\\test_cdk_stacks.py",
        "hashed_secret": "a9c92d4bc96ce5189328e3727748309048888d5e",
        "is_verified": false,
        "line_number": 266,
        "is_added": false,
        "is_removed": false
      }
    ],
    "tests\\test_connector_sig.py": [
      {
        "type": "Base64 High Entropy String",
        "filename": "tests\\test_connector_sig.py",
        "hashed_secret": "228eaaf10bbf842bd4bde7c7fe8b9d1ea7f50740",
        "is_verified": false,
        "line_number": 18,
        "is_added": false,
        "is_removed": false
      },
      {
        "type": "JSON Web Token",
        "filename": "tests\\test_connector_sig.py",
        "hashed_secret": "2af8fa7d30021df2801a0589f2359d84c822a881",
        "is_verified": false,
        "line_number": 24,
        "is_added": false,
        "is_removed": false
      },
      {
        "type": "JSON Web Token",
        "filename": "tests\\test_connector_sig.py",
        "hashed_secret": "9a7b73bf3d0b71a51019fbdcf0a5af0db1f4910c",
        "is_verified": false,
        "line_number": 25,
        "is_added": false,
        "is_removed": false
      },
      {
        "type": "Secret Keyword",
        "filename": "tests\\test_connector_sig.py",
        "hashed_secret": "1c2d805e5570867f137dd1d0cb58a7fb48263630",
        "is_verified": false,
        "line_number": 66,
        "is_added": false,
        "is_removed": false
      }
    ],
    "tests\\test_exactly_once.py": [
      {
        "type": "Secret Keyword",
        "filename": "tests\\test_exactly_once.py",
        "hashed_secret": "f8d8a7af2041b07b1f974e47fab6a8de86301144",
        "is_verified": false,
        "line_number": 130,
        "is_added": false,
        "is_removed": false
      }
    ],
    "tests\\test_secrets_baseline_check.py": [
      {
        "type": "Secret Keyword",
        "filename": "tests\\test_secrets_baseline_check.py",
        "hashed_secret": "6367c48dd193d56ea7b0baad25b19455e529f5ee",
        "is_verified": false,
        "line_number": 43,
        "is_added": false,
        "is_removed": false
      },
      {
        "type": "Secret Keyword",
        "filename": "tests\\test_secrets_baseline_check.py",
        "hashed_secret": "f49cf6381e322b147053b74e4500af8533ac1e4c",
        "is_verified": false,
        "line_number": 66,
        "is_added": false,
        "is_removed": false
      }
    ],
    "tests\\test_secrets_path.py": [
      {
        "type": "Secret Keyword",
        "filename": "tests\\test_secrets_path.py",
        "hashed_secret": "cb705ad55d46e4a41fe514a3238c7aa4b67ef647",
        "is_verified": false,
        "line_number": 37,
        "is_added": false,
        "is_removed": false
      },
      {
        "type": "Secret Keyword",
        "filename": "tests\\test_secrets_path.py",
        "hashed_secret": "56f8d9986304d3a7499b155b4376d433c6265eb0",
        "is_verified": false,
        "line_number": 66,
        "is_added": false,
        "is_removed": false
      },
      {
        "type": "Secret Keyword",
        "filename": "tests\\test_secrets_path.py",
        "hashed_secret": "89f7ec27d690fb26d906c88199b573009fc794fe",
        "is_verified": false,
        "line_number": 67,
        "is_added": false,
        "is_removed": false
      },
      {
        "type": "Secret Keyword",
        "filename": "tests\\test_secrets_path.py",
        "hashed_secret": "f25b853540b67936fe001fdeb6136314a4805284",
        "is_verified": false,
        "line_number": 92,
        "is_added": false,
        "is_removed": false
      },
      {
        "type": "Secret Keyword",
        "filename": "tests\\test_secrets_path.py",
        "hashed_secret": "bdd1d399319bc4ab981a28caf58eb6a9527a2f1e",
        "is_verified": false,
        "line_number": 93,
        "is_added": false,
        "is_removed": false
      },
      {
        "type": "Secret Keyword",
        "filename": "tests\\test_secrets_path.py",
        "hashed_secret": "21531d8bd17e40ed9364c6c2022b0322f010af70",
        "is_verified": false,
        "line_number": 133,
        "is_added": false,
        "is_removed": false
      },
      {
        "type": "Secret Keyword",
        "filename": "tests\\test_secrets_path.py",
        "hashed_secret": "3c59750712893f1ebc51218576710b6e40493bdf",
        "is_verified": false,
        "line_number": 165,
        "is_added": false,
        "is_removed": false
      }
    ],
    "tests\\test_signoff_identity.py": [
      {
        "type": "Secret Keyword",
        "filename": "tests\\test_signoff_identity.py",
        "hashed_secret": "0f12541afcce175fb34bb05a79c95b76e765488b",
        "is_verified": false,
        "line_number": 49,
        "is_added": false,
        "is_removed": false
      },
      {
        "type": "Secret Keyword",
        "filename": "tests\\test_signoff_identity.py",
        "hashed_secret": "87ea5dfc8b8e384d848979496e706390b497e547",
        "is_verified": false,
        "line_number": 71,
        "is_added": false,
        "is_removed": false
      },
      {
        "type": "Base64 High Entropy String",
        "filename": "tests\\test_signoff_identity.py",
        "hashed_secret": "228eaaf10bbf842bd4bde7c7fe8b9d1ea7f50740",
        "is_verified": false,
        "line_number": 93,
        "is_added": false,
        "is_removed": false
      },
      {
        "type": "JSON Web Token",
        "filename": "tests\\test_signoff_identity.py",
        "hashed_secret": "2af8fa7d30021df2801a0589f2359d84c822a881",
        "is_verified": false,
        "line_number": 95,
        "is_added": false,
        "is_removed": false
      },
      {
        "type": "JSON Web Token",
        "filename": "tests\\test_signoff_identity.py",
        "hashed_secret": "9a7b73bf3d0b71a51019fbdcf0a5af0db1f4910c",
        "is_verified": false,
        "line_number": 96,
        "is_added": false,
        "is_removed": false
      }
    ],
    "tests\\test_token_boundary.py": [
      {
        "type": "Secret Keyword",
        "filename": "tests\\test_token_boundary.py",
        "hashed_secret": "f9895b69fb8cf2e5946f5a152d7ee0c4ccbc01f6",
        "is_verified": false,
        "line_number": 21,
        "is_added": false,
        "is_removed": false
      },
      {
        "type": "Secret Keyword",
        "filename": "tests\\test_token_boundary.py",
        "hashed_secret": "59df6723fb54fd8dde6dcf51034e51491bfbff24",
        "is_verified": false,
        "line_number": 39,
        "is_added": false,
        "is_removed": false
      }
    ]
  },
  "generated_at": "2026-09-08T03:48:51Z"
}
