{
  "filters_used": [
    {
      "filename": ".secrets.baseline",
      "path": "detect_secrets.filters.common.is_baseline_file"
    },
    {
      "min_level": 2,
      "path": "detect_secrets.filters.common.is_ignored_due_to_verification_policies"
    },
    {
      "path": "detect_secrets.filters.allowlist.is_line_allowlisted"
    },
    {
      "path": "detect_secrets.filters.heuristic.is_indirect_reference"
    },
    {
      "path": "detect_secrets.filters.heuristic.is_likely_id_string"
    },
    {
      "path": "detect_secrets.filters.heuristic.is_lock_file"
    },
    {
      "path": "detect_secrets.filters.heuristic.is_not_alphanumeric_string"
    },
    {
      "path": "detect_secrets.filters.heuristic.is_potential_uuid"
    },
    {
      "path": "detect_secrets.filters.heuristic.is_prefixed_with_dollar_sign"
    },
    {
      "path": "detect_secrets.filters.heuristic.is_sequential_string"
    },
    {
      "path": "detect_secrets.filters.heuristic.is_swagger_file"
    },
    {
      "path": "detect_secrets.filters.heuristic.is_templated_secret"
    },
    {
      "path": "detect_secrets.filters.regex.should_exclude_file",
      "pattern": [
        "(^|[\\\\/])(\\.git|\\.venv|node_modules|cdk\\.out|evidence|dist|build|__pycache__)[\\\\/]|\\.(sig|png|jpg|gz|zip|whl)$|sbom.*\\.json$"
      ]
    }
  ],
  "generated_at": "2026-09-08T04:03:09Z",
  "plugins_used": [
    {
      "name": "ArtifactoryDetector"
    },
    {
      "name": "AWSKeyDetector"
    },
    {
      "name": "AzureStorageKeyDetector"
    },
    {
      "limit": 4.5,
      "name": "Base64HighEntropyString"
    },
    {
      "name": "BasicAuthDetector"
    },
    {
      "name": "CloudantDetector"
    },
    {
      "name": "DiscordBotTokenDetector"
    },
    {
      "name": "GitHubTokenDetector"
    },
    {
      "name": "GitLabTokenDetector"
    },
    {
      "limit": 3.0,
      "name": "HexHighEntropyString"
    },
    {
      "name": "IbmCloudIamDetector"
    },
    {
      "name": "IbmCosHmacDetector"
    },
    {
      "name": "IPPublicDetector"
    },
    {
      "name": "JwtTokenDetector"
    },
    {
      "keyword_exclude": "",
      "name": "KeywordDetector"
    },
    {
      "name": "MailchimpDetector"
    },
    {
      "name": "NpmDetector"
    },
    {
      "name": "OpenAIDetector"
    },
    {
      "name": "PrivateKeyDetector"
    },
    {
      "name": "PypiTokenDetector"
    },
    {
      "name": "SendGridDetector"
    },
    {
      "name": "SlackDetector"
    },
    {
      "name": "SoftlayerDetector"
    },
    {
      "name": "SquareOAuthDetector"
    },
    {
      "name": "StripeDetector"
    },
    {
      "name": "TelegramBotTokenDetector"
    },
    {
      "name": "TwilioKeyDetector"
    }
  ],
  "results": {
    "DEPLOYMENT-GUIDE.md": [
      {
        "filename": "DEPLOYMENT-GUIDE.md",
        "hashed_secret": "b40f85dcc743fd999debd8563f2154a8f51df1b7",
        "is_verified": false,
        "line_number": 113,
        "type": "Secret Keyword"
      }
    ],
    "agents/housing-assistance/manifest.yaml": [
      {
        "filename": "agents/housing-assistance/manifest.yaml",
        "hashed_secret": "b0ae1ab1ad32e2f6baf2cd4a148a5634f87b3153",
        "is_verified": false,
        "line_number": 22,
        "type": "Secret Keyword"
      },
      {
        "filename": "agents/housing-assistance/manifest.yaml",
        "hashed_secret": "10cfc7b40050cc1777831c27bc1b33c972d93469",
        "is_verified": false,
        "line_number": 24,
        "type": "Secret Keyword"
      },
      {
        "filename": "agents/housing-assistance/manifest.yaml",
        "hashed_secret": "d13d5d31df9f7a4d795aa9fd322838cc23a9c621",
        "is_verified": false,
        "line_number": 26,
        "type": "Secret Keyword"
      }
    ],
    "lib/controls/provenance.py": [
      {
        "filename": "lib/controls/provenance.py",
        "hashed_secret": "6deda9ff40e1b3a66cf61dd9ebac9c962b074487",
        "is_verified": false,
        "line_number": 29,
        "type": "Secret Keyword"
      },
      {
        "filename": "lib/controls/provenance.py",
        "hashed_secret": "0428839403be6b954c09dcfe425e81a0379f11cd",
        "is_verified": false,
        "line_number": 30,
        "type": "Secret Keyword"
      }
    ],
    "lib/engine/deploy.sh": [
      {
        "filename": "lib/engine/deploy.sh",
        "hashed_secret": "6eef6648406c333a4035cd5e60d0bf2ecf2606d7",
        "is_verified": false,
        "line_number": 195,
        "type": "Secret Keyword"
      }
    ],
    "scripts/validate_deployment.py": [
      {
        "filename": "scripts/validate_deployment.py",
        "hashed_secret": "b40f85dcc743fd999debd8563f2154a8f51df1b7",
        "is_verified": false,
        "line_number": 46,
        "type": "Secret Keyword"
      }
    ],
    "tests/test_cdk_stacks.py": [
      {
        "filename": "tests/test_cdk_stacks.py",
        "hashed_secret": "a9c92d4bc96ce5189328e3727748309048888d5e",
        "is_verified": false,
        "line_number": 266,
        "type": "Secret Keyword"
      }
    ],
    "tests/test_connector_sig.py": [
      {
        "filename": "tests/test_connector_sig.py",
        "hashed_secret": "228eaaf10bbf842bd4bde7c7fe8b9d1ea7f50740",
        "is_verified": false,
        "line_number": 18,
        "type": "Base64 High Entropy String"
      },
      {
        "filename": "tests/test_connector_sig.py",
        "hashed_secret": "07d7014dde42c56e2641d6bd8b36e16a65006f84",
        "is_verified": false,
        "line_number": 24,
        "type": "JSON Web Token"
      },
      {
        "filename": "tests/test_connector_sig.py",
        "hashed_secret": "5e53a48ef6a633fb3da200ab1f2ceb2dc4787024",
        "is_verified": false,
        "line_number": 25,
        "type": "JSON Web Token"
      }
    ],
    "tests/test_secrets_baseline_check.py": [
      {
        "filename": "tests/test_secrets_baseline_check.py",
        "hashed_secret": "6367c48dd193d56ea7b0baad25b19455e529f5ee",
        "is_verified": false,
        "line_number": 43,
        "type": "Secret Keyword"
      },
      {
        "filename": "tests/test_secrets_baseline_check.py",
        "hashed_secret": "f49cf6381e322b147053b74e4500af8533ac1e4c",
        "is_verified": false,
        "line_number": 66,
        "type": "Secret Keyword"
      }
    ],
    "tests/test_secrets_path.py": [
      {
        "filename": "tests/test_secrets_path.py",
        "hashed_secret": "cb705ad55d46e4a41fe514a3238c7aa4b67ef647",
        "is_verified": false,
        "line_number": 37,
        "type": "Secret Keyword"
      },
      {
        "filename": "tests/test_secrets_path.py",
        "hashed_secret": "56f8d9986304d3a7499b155b4376d433c6265eb0",
        "is_verified": false,
        "line_number": 66,
        "type": "Secret Keyword"
      },
      {
        "filename": "tests/test_secrets_path.py",
        "hashed_secret": "89f7ec27d690fb26d906c88199b573009fc794fe",
        "is_verified": false,
        "line_number": 67,
        "type": "Secret Keyword"
      },
      {
        "filename": "tests/test_secrets_path.py",
        "hashed_secret": "f25b853540b67936fe001fdeb6136314a4805284",
        "is_verified": false,
        "line_number": 92,
        "type": "Secret Keyword"
      },
      {
        "filename": "tests/test_secrets_path.py",
        "hashed_secret": "bdd1d399319bc4ab981a28caf58eb6a9527a2f1e",
        "is_verified": false,
        "line_number": 93,
        "type": "Secret Keyword"
      },
      {
        "filename": "tests/test_secrets_path.py",
        "hashed_secret": "21531d8bd17e40ed9364c6c2022b0322f010af70",
        "is_verified": false,
        "line_number": 133,
        "type": "Secret Keyword"
      },
      {
        "filename": "tests/test_secrets_path.py",
        "hashed_secret": "3c59750712893f1ebc51218576710b6e40493bdf",
        "is_verified": false,
        "line_number": 165,
        "type": "Secret Keyword"
      }
    ],
    "tests/test_signoff_identity.py": [
      {
        "filename": "tests/test_signoff_identity.py",
        "hashed_secret": "228eaaf10bbf842bd4bde7c7fe8b9d1ea7f50740",
        "is_verified": false,
        "line_number": 93,
        "type": "Base64 High Entropy String"
      },
      {
        "filename": "tests/test_signoff_identity.py",
        "hashed_secret": "07d7014dde42c56e2641d6bd8b36e16a65006f84",
        "is_verified": false,
        "line_number": 95,
        "type": "JSON Web Token"
      },
      {
        "filename": "tests/test_signoff_identity.py",
        "hashed_secret": "5e53a48ef6a633fb3da200ab1f2ceb2dc4787024",
        "is_verified": false,
        "line_number": 96,
        "type": "JSON Web Token"
      }
    ]
  },
  "version": "1.5.0"
}
